1028
23yipikaye
aahz
Aaron
abc
abdelrahman
ada
adamvan2000
adgar
Adminvox
AdrianMcNear
adubra
ae
Afshad
ahbigalex10
aileen
Airwings
akiplaner
alec
alexfoster
alig
alliga34tor
alphadecay
Alpsa
amichaischreiber
amit
amolmg
anastaciaeg
Angus
AnnaKarpelevich
anonymous
Apple_Eater
Ara
B
BigMick
Bitbrit
Blackdrive
Blenderkitty
BlindPilot
BlueB
Bob
BossOfTheGame
Bradders
Brittishenglishscottish20yomale
BruceCouper
Campbell
CaptainSpok
CarlFK
CezarBocu
Chandri
Chas
CheesyBreed
Chrisdan
ColinBeckingham
CptOatmeal
DanielHeath
DanijelK
DanR
Dantheman
DantheMan
DavidG
DavidL
DebjitBiswas
Derek
Donato
Doogie
DungFu
EagleX
Edman274
Eresus
Ertain
ETT
Evan
Fandark
Firefox005
FrankdeLange
FrozenFire
G
Georgio
Gerwin
Graham
GrahamPhillips
GusSCalabrese
Gweilo
HessesiaN
Hw
Hyshinara
JamesHays
JanusDaniels
Jay
JayCutlersBrother
JD
Jeff
Jeremy
JGatlin
JimWhite
JivanAmara
Joey
JohanLingen
John
JonnyGutteridge
JRB
JVUnderground
KaloyanKolev
Karageorgos
KenBloom
KenMacRaild
Keren
KnitGirl
Kodiak
Krellis
Krishna
Kristina
Kyton
L1ttl3J1m
LAVEENAZ
Lexen
LMA
Logomancer
Lomoco
Luca
LukeSkywalker
LunaTick
Marc
Mariane
Mark_Reynolds
Matteo
MattGorle
MC
Melissa
MichaelEndres
Mike
Mindseye
MJ
MrDoNotBreak
MrOverclock
MSypkensSmit
Muuker
Nadim
NanaHuck
Nathan
Ned
Nerocon
Paddy
Paolino
Parmee
PaulB
PaulWilliams
PeterGarnett
Peyrine
PheonixK
PJ
PoHandle
Prologue
_r2h
Raedwulf
Raeubertochter
RAI
RedCisc
Revelation2221
Rhyhann
RicharJB
Robin
RobSmith
Ronin
Ronin_Sage
RonnelWing
Rovanion
Ryan
SamirBenAbid
Saul
Scott
Senthil_Singapore
Sepero
SergioDaroca
SF7
Shane
ShingoTamai
Shishir
Shishire
Shoepuppet
Simon
SohumB
Sombra
SteliosKoroneos
Steltek
Tamashii
Tebbra
TechnoZeus
Tecwolf
Terminus
ThatsJamesForYou
TheLorax
TheRedRose
Thomas
ThomasSeilundDenmark
Tim
TimS
Timsage
Tinchio
TJS
TLC
Toyo
Traktion
V
Vistaus
XCoder
Yoyoma31314
Zarfan
ZhanZongru
Zorthius
